[1/16] v4.26.0 reference-first control repeat=0 VERIFIED
[2/16] v4.26.0 reference-first composition-1 repeat=0 VERIFIED
[3/16] v4.26.0 reference-first incumbent repeat=0 VERIFIED
[4/16] v4.26.0 reference-first composition-0 repeat=0 REJECTED
[5/16] v4.26.0 candidate-first control repeat=0 VERIFIED
[6/16] v4.26.0 candidate-first composition-1 repeat=0 VERIFIED
[7/16] v4.26.0 candidate-first composition-0 repeat=0 REJECTED
[8/16] v4.26.0 candidate-first incumbent repeat=0 VERIFIED
[9/16] v4.26.0 candidate-first composition-0 repeat=1 REJECTED
[10/16] v4.26.0 candidate-first incumbent repeat=1 VERIFIED
[11/16] v4.26.0 candidate-first composition-1 repeat=1 VERIFIED
[12/16] v4.26.0 candidate-first control repeat=1 VERIFIED
[13/16] v4.26.0 reference-first control repeat=1 VERIFIED
[14/16] v4.26.0 reference-first composition-0 repeat=1 REJECTED
[15/16] v4.26.0 reference-first incumbent repeat=1 VERIFIED
[16/16] v4.26.0 reference-first composition-1 repeat=1 VERIFIED
Selected composition-1; frozen before fresh confirmation
[1/18] v4.26.0 candidate-first composition-1 repeat=0 VERIFIED
[2/18] v4.26.0 candidate-first incumbent repeat=0 VERIFIED
[3/18] v4.26.0 candidate-first control repeat=0 VERIFIED
[4/18] v4.26.0 reference-first composition-1 repeat=0 VERIFIED
[5/18] v4.26.0 reference-first control repeat=0 VERIFIED
[6/18] v4.26.0 reference-first incumbent repeat=0 VERIFIED
[7/18] v4.26.0 candidate-first control repeat=1 VERIFIED
[8/18] v4.26.0 candidate-first composition-1 repeat=1 VERIFIED
[9/18] v4.26.0 candidate-first incumbent repeat=1 VERIFIED
[10/18] v4.26.0 reference-first composition-1 repeat=1 VERIFIED
[11/18] v4.26.0 reference-first incumbent repeat=1 VERIFIED
[12/18] v4.26.0 reference-first control repeat=1 VERIFIED
[13/18] v4.26.0 reference-first control repeat=2 VERIFIED
[14/18] v4.26.0 reference-first composition-1 repeat=2 VERIFIED
[15/18] v4.26.0 reference-first incumbent repeat=2 VERIFIED
[16/18] v4.26.0 candidate-first composition-1 repeat=2 VERIFIED
[17/18] v4.26.0 candidate-first incumbent repeat=2 VERIFIED
[18/18] v4.26.0 candidate-first control repeat=2 VERIFIED
{"status": "CONFIRMED_LOCAL_IMPROVEMENT", "native_processes": 34, "official_score": null}
