[1/12] v4.26.0 reference-first control repeat=0 VERIFIED
[2/12] v4.26.0 reference-first composition-0 repeat=0 VERIFIED
[3/12] v4.26.0 reference-first incumbent repeat=0 VERIFIED
[4/12] v4.26.0 candidate-first composition-0 repeat=0 VERIFIED
[5/12] v4.26.0 candidate-first control repeat=0 VERIFIED
[6/12] v4.26.0 candidate-first incumbent repeat=0 VERIFIED
[7/12] v4.26.0 reference-first incumbent repeat=1 VERIFIED
[8/12] v4.26.0 reference-first composition-0 repeat=1 VERIFIED
[9/12] v4.26.0 reference-first control repeat=1 VERIFIED
[10/12] v4.26.0 candidate-first composition-0 repeat=1 VERIFIED
[11/12] v4.26.0 candidate-first incumbent repeat=1 VERIFIED
[12/12] v4.26.0 candidate-first control repeat=1 VERIFIED
Selected composition-0; frozen before fresh confirmation
[1/18] v4.26.0 candidate-first composition-0 repeat=0 VERIFIED
[2/18] v4.26.0 candidate-first incumbent repeat=0 VERIFIED
[3/18] v4.26.0 candidate-first control repeat=0 VERIFIED
[4/18] v4.26.0 reference-first composition-0 repeat=0 VERIFIED
[5/18] v4.26.0 reference-first control repeat=0 VERIFIED
[6/18] v4.26.0 reference-first incumbent repeat=0 VERIFIED
[7/18] v4.26.0 candidate-first control repeat=1 VERIFIED
[8/18] v4.26.0 candidate-first composition-0 repeat=1 VERIFIED
[9/18] v4.26.0 candidate-first incumbent repeat=1 VERIFIED
[10/18] v4.26.0 reference-first composition-0 repeat=1 VERIFIED
[11/18] v4.26.0 reference-first incumbent repeat=1 VERIFIED
[12/18] v4.26.0 reference-first control repeat=1 VERIFIED
[13/18] v4.26.0 reference-first control repeat=2 VERIFIED
[14/18] v4.26.0 reference-first composition-0 repeat=2 VERIFIED
[15/18] v4.26.0 reference-first incumbent repeat=2 VERIFIED
[16/18] v4.26.0 candidate-first composition-0 repeat=2 VERIFIED
[17/18] v4.26.0 candidate-first incumbent repeat=2 VERIFIED
[18/18] v4.26.0 candidate-first control repeat=2 VERIFIED
{"status": "CONFIRMED_LOCAL_IMPROVEMENT", "native_processes": 30, "official_score": null}
