[1/24] v4.26.0 reference-first composition-1 repeat=0 VERIFIED
[2/24] v4.26.0 reference-first incumbent repeat=0 VERIFIED
[3/24] v4.26.0 reference-first control repeat=0 VERIFIED
[4/24] v4.26.0 reference-first composition-2 repeat=0 VERIFIED
[5/24] v4.26.0 reference-first composition-3 repeat=0 REJECTED
[6/24] v4.26.0 reference-first composition-0 repeat=0 REJECTED
[7/24] v4.26.0 candidate-first composition-2 repeat=0 VERIFIED
[8/24] v4.26.0 candidate-first composition-0 repeat=0 REJECTED
[9/24] v4.26.0 candidate-first composition-1 repeat=0 VERIFIED
[10/24] v4.26.0 candidate-first incumbent repeat=0 VERIFIED
[11/24] v4.26.0 candidate-first composition-3 repeat=0 REJECTED
[12/24] v4.26.0 candidate-first control repeat=0 VERIFIED
[13/24] v4.26.0 reference-first incumbent repeat=1 VERIFIED
[14/24] v4.26.0 reference-first composition-3 repeat=1 REJECTED
[15/24] v4.26.0 reference-first control repeat=1 VERIFIED
[16/24] v4.26.0 reference-first composition-1 repeat=1 VERIFIED
[17/24] v4.26.0 reference-first composition-0 repeat=1 REJECTED
[18/24] v4.26.0 reference-first composition-2 repeat=1 VERIFIED
[19/24] v4.26.0 candidate-first composition-1 repeat=1 VERIFIED
[20/24] v4.26.0 candidate-first control repeat=1 VERIFIED
[21/24] v4.26.0 candidate-first composition-0 repeat=1 REJECTED
[22/24] v4.26.0 candidate-first composition-2 repeat=1 VERIFIED
[23/24] v4.26.0 candidate-first composition-3 repeat=1 REJECTED
[24/24] v4.26.0 candidate-first incumbent repeat=1 VERIFIED
Selected composition-2; frozen before fresh confirmation
[1/18] v4.26.0 candidate-first composition-2 repeat=0 VERIFIED
[2/18] v4.26.0 candidate-first incumbent repeat=0 VERIFIED
[3/18] v4.26.0 candidate-first control repeat=0 VERIFIED
[4/18] v4.26.0 reference-first composition-2 repeat=0 VERIFIED
[5/18] v4.26.0 reference-first control repeat=0 VERIFIED
[6/18] v4.26.0 reference-first incumbent repeat=0 VERIFIED
[7/18] v4.26.0 candidate-first control repeat=1 VERIFIED
[8/18] v4.26.0 candidate-first composition-2 repeat=1 VERIFIED
[9/18] v4.26.0 candidate-first incumbent repeat=1 VERIFIED
[10/18] v4.26.0 reference-first composition-2 repeat=1 VERIFIED
[11/18] v4.26.0 reference-first incumbent repeat=1 VERIFIED
[12/18] v4.26.0 reference-first control repeat=1 VERIFIED
[13/18] v4.26.0 reference-first control repeat=2 VERIFIED
[14/18] v4.26.0 reference-first composition-2 repeat=2 VERIFIED
[15/18] v4.26.0 reference-first incumbent repeat=2 VERIFIED
[16/18] v4.26.0 candidate-first composition-2 repeat=2 VERIFIED
[17/18] v4.26.0 candidate-first incumbent repeat=2 VERIFIED
[18/18] v4.26.0 candidate-first control repeat=2 VERIFIED
{"status": "CONFIRMED_LOCAL_IMPROVEMENT", "native_processes": 42, "official_score": null}
